exports[`test renders correctly 1`] = `
<button
  onClick={[Function action]}>
  Jest Test
</button>
`;
